Head: Donde nos encontramos en nuestro proyecto
Ramas: Es una linea  de tiempo en nuestro proyecto, que nos sirve para 
	arreglar errores, expirementar,hacer grandes cambiosm etc.

Rama Master: Es dnde comenzamos a trabajar, es la rama principal y 
		estable del proyecto. (git branch: para ver las ramas)
		git branch Ramanueva: para crear nueva rama   git 


Fusiones: Creacion de un commit juntanto una rama con otr

Primero situarse en la rama que va ha absorver: 

$ git merge (rama absorbida) rama1 --> ejemplo

$ git checkout -b ramanueva --> Crea una rama y nos movemos 

git branch -D nombreRama --> borrar una rama

*********** *********** ************* ************* ********

Isseus : Son una forma de continuar, mejorar o solucionar un error en 
nuestros repositorios (proyectos)

Milestones: Son grupos de issues que aplican para un proyecto , 
característica o periodo de tiempo.

Labels: Son una manera de organizar diferentes tipos de problemas 

Tags: Son simples puntos especificos en la historia de nuestro proyecto 
y se usan para marcar alguna version del mismo. Se lo coloca a los 
commits 

(Para cambiar el texto de un commit : git commit --amend -m "texto")

**** Crear tags ***** 
Tags anotadas: tienen un poco mas de datos para identificarlas mejor

$ git tag -a v1.0 -m "mensaje": 

Tags ligeras: Contienen menos información

$ git tag v1.0

******* subir a github **********

git push origin (nombre del tag)  --> $git push origin v.01

$ git push origin --tags  --> Este comando va a subir todos los tags que 
tengamoss. 


